// Jest Snapshot v1, https://goo.gl/fbAQLP

exports[`The DeviceContainer should match previous snapshots 1`] = `
<div
  className="device-container"
>
  <div
    className="device-container-name"
  >
    <svg
      className="plus-circle"
      data-testid="plus-icon"
      onClick={[Function]}
    >
      add.svg
    </svg>
    Router
  </div>
  <div
    className="device-container-content"
  >
    <div
      className="device-box"
    >
      <div
        className="device-name-box router-color"
      >
        <div>
          R1
        </div>
      </div>
      <div
        className="vertical-bar"
      />
      <div
        className="connections-container"
      >
        <div>
          Connections:
        </div>
        <div
          className="connections-boxes"
        >
          <div
            className="connection host-color"
            id="h10"
          >
            h1
          </div>
          <div
            className="connection host-color"
            id="h21"
          >
            h2
          </div>
          <div
            className="connection switch-color"
            id="s12"
          >
            s1
          </div>
        </div>
      </div>
    </div>
    <div
      className="device-box"
    >
      <div
        className="device-name-box router-color"
      >
        <div>
          R2
        </div>
      </div>
      <div
        className="vertical-bar"
      />
      <div
        className="connections-container"
      >
        <div>
          Connections:
        </div>
        <div
          className="connections-boxes"
        >
          <div
            className="connection host-color"
            id="h30"
          >
            h3
          </div>
          <div
            className="connection switch-color"
            id="s11"
          >
            s1
          </div>
        </div>
      </div>
    </div>
    <div />
  </div>
</div>
`;
