// Jest Snapshot v1, https://goo.gl/fbAQLP

exports[`The emulator should render and match snapshots 1`] = `
<div>
  <div
    class="css-15mlykw"
  >
    <div
      class="css-1p9h997"
    >
      <div
        class="css-1gskj9r"
      >
        <a
          class="css-r59rv1"
          href="/"
        >
          <svg
            class="css-112d3fm"
          >
            backIcon.svg
          </svg>
          <p
            class="css-fzcsno"
          >
            Back to site
          </p>
        </a>
      </div>
      <div
        class="css-1f1lwn6"
      >
        <h2
          class="css-nua0st"
        >
          Module 
          1
        </h2>
        <p
          class="css-fzcsno"
        >
          Modifying Topology
        </p>
      </div>
      <div
        class="css-1f1lwn6"
      >
        <h2
          class="css-nua0st"
        >
          Objective
        </h2>
        <p
          class="css-fzcsno"
        >
          Add and remove devices and their connections.
        </p>
      </div>
      <div
        class="css-1f1lwn6"
        style="display: flex; flex-direction: column; align-items: end; height: 100%;"
      >
        <div
          class="css-1w77u0h"
        >
          Tasks
        </div>
        <div
          class="css-12f487v"
        >
          <div
            class="css-16cm47t"
          >
            <li
              class="css-p5me83"
            >
              Add a Host (h3)
            </li>
            <li
              class="css-p5me83"
            >
              Attach h3 to s2
            </li>
            <li
              class="css-p5me83"
            >
              Detach h3 from s2
            </li>
            <li
              class="css-p5me83"
            >
              Remove h2
            </li>
          </div>
        </div>
        <button
          class="css-16suylj"
          type="button"
        >
          Restart
        </button>
      </div>
    </div>
    <div
      class="css-jj5y1g"
    >
      <div
        class="css-tkj973"
        data-testid="emulator-visual"
      >
        <div
          class="css-ljj55y"
        >
          <div
            class="css-1f8sh1y"
          >
            <div
              class="css-3hcm5q"
            >
              <div
                class="css-1vp8jwk"
              >
                <div
                  class="css-1893sq3"
                >
                  <div
                    style="background-color: rgb(158, 16, 89);"
                  />
                </div>
                <div
                  class="css-1893sq3"
                >
                  <div
                    style="background-color: rgb(0, 138, 158);"
                  />
                </div>
                <div
                  class="css-7fvxp"
                >
                  <div
                    style="background-color: rgb(189, 169, 19);"
                  />
                </div>
              </div>
              <div
                class="css-1kic1uf"
              >
                <h2
                  class="css-1njbwjg"
                >
                  Creating Network
                </h2>
                <p
                  class="css-1f0va8n"
                >
                  Please wait a moment while we create your new ToyNet.
                </p>
              </div>
            </div>
          </div>
        </div>
      </div>
      <div
        class="css-jhr2ok"
      >
        <div
          class="css-1ywxh3e"
        >
          <div
            class="css-lp54d1"
          >
            <h2
              class="css-nua0st"
            >
              Console
            </h2>
            <div
              class="css-ki9t1j"
            >
              <p
                class="css-ku3qws"
              >
                Device
              </p>
              <div
                class="css-3fim88"
              >
                <select
                  class="css-v4upyu"
                  data-testid="console-device-selector"
                >
                  <option
                    value=""
                  >
                    Select device
                  </option>
                </select>
                <div
                  class="css-1s963hi"
                >
                  <svg
                    aria-hidden="true"
                    class="css-12c4avn"
                    focusable="false"
                    role="presentation"
                    viewBox="0 0 24 24"
                  >
                    <path
                      d="M16.59 8.59L12 13.17 7.41 8.59 6 10l6 6 6-6z"
                      fill="currentColor"
                    />
                  </svg>
                </div>
              </div>
            </div>
          </div>
          <div
            class="css-esnmos"
          >
            <div
              class="css-bzltz5"
            >
              <textarea
                aria-disabled="false"
                class="css-1ckzuis"
                data-testid="console-textarea"
              >
                &gt;&gt; 
              </textarea>
            </div>
          </div>
        </div>
        <div
          class="css-1fwbold"
        >
          <div
            class="css-4s6pz3"
          >
            <div
              class="css-fjp8dd"
            >
              <h2
                class="css-nua0st"
              >
                Actions
              </h2>
            </div>
            <div
              class="css-12f487v"
            />
          </div>
        </div>
      </div>
    </div>
  </div>
</div>
`;
