// Jest Snapshot v1, https://goo.gl/fbAQLP

exports[`The emulator should render and match snapshots 1`] = `
<div
  className="emulator"
>
  <div
    className="instructions-background"
  >
    <div
      className="instructions"
    >
      <div
        className="instructions-exit"
      >
        <a
          className="svg"
          href="blank"
        >
          <svg>
            backIcon.svg
          </svg>
        </a>
        <a
          className="link-text"
          href="blank"
        >
          Back to course
        </a>
      </div>
      <div
        className="title-container"
      >
        <h4
          className="module-num"
        >
          Module 
          1
        </h4>
        <p
          className="module-name"
        >
          Local Area Networks
        </p>
      </div>
      <div
        className="objective-container"
      >
        <h4
          className="objective-title"
        >
          Objective
        </h4>
        <p
          className="objective"
        >
          Connect two hosts together and check they can communicate
        </p>
      </div>
      <div
        className="task-container"
      >
        <h4
          className="tasks-title"
        >
          Tasks
        </h4>
        <ol>
          <li
            className="steps"
          >
            Attach h1 to s1.
          </li>
          <li
            className="steps"
          >
            Attach h2 to s1.
          </li>
          <li
            className="steps"
          >
            Launch.
          </li>
          <li
            className="steps"
          >
            In Console, run h1&gt; arp 172.16.0.100.
          </li>
          <li
            className="steps"
          >
            In Console, run h1&gt; ping 172.16.0.100.
          </li>
          <li
            className="steps"
          >
            In Console, run h1&gt; arp 172.16.0.100.
          </li>
        </ol>
      </div>
    </div>
  </div>
  <div
    style={
      Object {
        "display": "flex",
        "flexDirection": "column",
        "marginLeft": "1.5vw",
        "marginTop": "2vh",
      }
    }
  >
    <div>
      <div
        className="tabs__container"
      >
        <div
          className="tabs__outer-tabs-container "
        >
          <div
            className="tabs__tabs-container "
          >
            <div
              className="tabs__tab tabs__tab--active"
              onClick={[Function]}
            >
              Configure
            </div>
            <div
              className="tabs__tab"
              onClick={[Function]}
            >
              Console
            </div>
            <div
              className="tabs__tab"
              onClick={[Function]}
            >
              History
            </div>
          </div>
        </div>
        <div
          className="tabs__applications-container"
        >
          <div
            className="configure tabs__aplication-container--show"
          >
            <div
              className="network-devices"
            >
              <div>
                <div
                  className="device-container-name"
                >
                  <svg
                    className="plus-circle"
                    data-testid="plus-icon"
                    onClick={[Function]}
                  >
                    add.svg
                  </svg>
                  Router
                </div>
                <div
                  className="device-container"
                >
                  <div
                    className="device-container-content"
                  >
                    <div />
                  </div>
                </div>
              </div>
              <div>
                <div
                  className="device-container-name"
                >
                  <svg
                    className="plus-circle"
                    data-testid="plus-icon"
                    onClick={[Function]}
                  >
                    add.svg
                  </svg>
                  Switch
                </div>
                <div
                  className="device-container"
                >
                  <div
                    className="device-container-content"
                  >
                    <div />
                  </div>
                </div>
              </div>
              <div>
                <div
                  className="device-container-name"
                >
                  <svg
                    className="plus-circle"
                    data-testid="plus-icon"
                    onClick={[Function]}
                  >
                    add.svg
                  </svg>
                  Host
                </div>
                <div
                  className="device-container"
                >
                  <div
                    className="device-container-content"
                  >
                    <div />
                  </div>
                </div>
              </div>
            </div>
          </div>
          <h2
            className="console tabs__aplication-container--hide"
            style={
              Object {
                "padding": "20px",
              }
            }
          >
            Coming soon...
          </h2>
          <h2
            className="console tabs__aplication-container--hide"
            style={
              Object {
                "padding": "20px",
              }
            }
          >
            Coming soon...
          </h2>
        </div>
      </div>
    </div>
    <div
      style={
        Object {
          "backgroundColor": "#212529",
          "borderRadius": "10px",
          "boxShadow": "0 0 0 0.4vw #454950",
          "flex": "1 1 auto",
          "height": "57.15vh",
          "marginTop": "2.5vh",
          "overflow": "hidden",
          "position": "relative",
          "width": "68.18vw",
          "zIndex": 1,
        }
      }
    >
      <div
        className="icons"
      >
        <button
          className="iconButtons"
          onClick={[Function]}
          onMouseLeave={[Function]}
          onMouseOver={[Function]}
          style={
            Object {
              "cursor": "pointer",
            }
          }
        >
          <svg>
            zoomInIcon.svg
          </svg>
        </button>
        <button
          className="iconButtons"
          onClick={[Function]}
          onMouseLeave={[Function]}
          onMouseOver={[Function]}
          style={
            Object {
              "cursor": "pointer",
            }
          }
        >
          <svg>
            zoomOutIcon.svg
          </svg>
        </button>
        <button
          className="iconButtons"
          onClick={[Function]}
          onMouseLeave={[Function]}
          onMouseOver={[Function]}
          style={
            Object {
              "cursor": "pointer",
            }
          }
        >
          <svg>
            hideIcon.svg
          </svg>
        </button>
        <button
          className="iconButtons"
          onClick={[Function]}
          onMouseLeave={[Function]}
          onMouseOver={[Function]}
          style={
            Object {
              "cursor": "pointer",
            }
          }
        >
          <svg>
            centerImageIcon.svg
          </svg>
        </button>
      </div>
      <div
        className="handle react-draggable"
        onMouseDown={[Function]}
        onMouseUp={[Function]}
        onTouchEnd={[Function]}
        style={
          Object {
            "backgroundColor": "#212529",
            "borderRadius": "10px",
            "cursor": "",
            "transform": "translate(0px,0px)",
            "visibility": "initial",
          }
        }
        transform={null}
      />
    </div>
  </div>
</div>
`;
