// Jest Snapshot v1, https://goo.gl/fbAQLP

exports[`The Quiz page should render the same based on URL parameters 1`] = `
<div>
  <h1>
    Module: 
    42
  </h1>
  <h2>
    Quiz: 
    64
  </h2>
  <div
    className="css-3pksgp"
  />
  <div
    className="css-k008qs"
  >
    <a
      className="css-w8x2zl"
      onClick={[Function]}
    >
      Submit Quiz
    </a>
  </div>
</div>
`;
