// Jest Snapshot v1, https://goo.gl/fbAQLP

exports[`The Quiz page should render the same based on URL parameters 1`] = `
<div
  className="css-1cxsl7j"
>
  <div
    className="css-3pksgp"
  />
  <div
    className="css-k008qs"
  >
    <a
      className="css-jiw0x4"
      onClick={[Function]}
    >
      Submit Quiz
    </a>
  </div>
</div>
`;
