// Jest Snapshot v1, https://goo.gl/fbAQLP

exports[`ConfigureTab should match previous snapshots 1`] = `
<div
  className="configure online"
>
  <div
    className="network-devices"
  >
    <div
      className="device-container"
    >
      <div
        className="device-container-name"
      >
        <img
          alt="plus icon"
          className="plus-circle"
          onClick={[Function]}
          src="add.svg"
        />
        Router
      </div>
      <div
        className="device-container-content"
      >
        <div
          className="device-box"
        >
          <div
            className="device-name-box router-color"
          >
            <div>
              r1
            </div>
          </div>
          <div
            className="vertical-bar"
          />
          <div
            className="connections-container"
          >
            <div>
              Connections:
            </div>
            <div
              className="connections-boxes"
            >
              <div
                className="connection switch-color"
                id="s10"
              >
                s1
              </div>
              <div
                className="connection switch-color"
                id="s21"
              >
                s2
              </div>
            </div>
          </div>
        </div>
        <div />
      </div>
    </div>
    <div
      className="device-container"
    >
      <div
        className="device-container-name"
      >
        <img
          alt="plus icon"
          className="plus-circle"
          onClick={[Function]}
          src="add.svg"
        />
        Switch
      </div>
      <div
        className="device-container-content"
      >
        <div
          className="device-box"
        >
          <div
            className="device-name-box switch-color"
          >
            <div>
              s1
            </div>
          </div>
          <div
            className="vertical-bar"
          />
          <div
            className="connections-container"
          >
            <div>
              Connections:
            </div>
            <div
              className="connections-boxes"
            >
              <div
                className="connection router-color"
                id="r10"
              >
                r1
              </div>
              <div
                className="connection host-color"
                id="h11"
              >
                h1
              </div>
              <div
                className="connection host-color"
                id="h22"
              >
                h2
              </div>
              <div
                className="connection host-color"
                id="h33"
              >
                h3
              </div>
            </div>
          </div>
        </div>
        <div
          className="device-box"
        >
          <div
            className="device-name-box empty-color"
          >
            <div>
              s2
            </div>
          </div>
          <div
            className="vertical-bar"
          />
          <div
            className="connections-container"
          >
            <div>
              Connections:
            </div>
            <div
              className="connections-boxes"
            />
          </div>
        </div>
        <div />
      </div>
    </div>
    <div
      className="device-container"
    >
      <div
        className="device-container-name"
      >
        <img
          alt="plus icon"
          className="plus-circle"
          onClick={[Function]}
          src="add.svg"
        />
        Host
      </div>
      <div
        className="device-container-content"
      >
        <div
          className="device-box"
        >
          <div
            className="device-name-box host-color"
          >
            <div>
              h1
            </div>
          </div>
          <div
            className="vertical-bar"
          />
          <div
            className="connections-container"
          >
            <div>
              Connections:
            </div>
            <div
              className="connections-boxes"
            >
              <div
                className="connection switch-color"
                id="s10"
              >
                s1
              </div>
            </div>
          </div>
        </div>
        <div
          className="device-box"
        >
          <div
            className="device-name-box host-color"
          >
            <div>
              h2
            </div>
          </div>
          <div
            className="vertical-bar"
          />
          <div
            className="connections-container"
          >
            <div>
              Connections:
            </div>
            <div
              className="connections-boxes"
            >
              <div
                className="connection switch-color"
                id="s10"
              >
                s1
              </div>
            </div>
          </div>
        </div>
        <div
          className="device-box"
        >
          <div
            className="device-name-box host-color"
          >
            <div>
              h3
            </div>
          </div>
          <div
            className="vertical-bar"
          />
          <div
            className="connections-container"
          >
            <div>
              Connections:
            </div>
            <div
              className="connections-boxes"
            >
              <div
                className="connection switch-color"
                id="s10"
              >
                s1
              </div>
            </div>
          </div>
        </div>
        <div
          className="device-box"
        >
          <div
            className="device-name-box empty-color"
          >
            <div>
              h4
            </div>
          </div>
          <div
            className="vertical-bar"
          />
          <div
            className="connections-container"
          >
            <div>
              Connections:
            </div>
            <div
              className="connections-boxes"
            />
          </div>
        </div>
        <div />
      </div>
    </div>
  </div>
  <div
    className="btn-run-container"
  >
    <div
      className="max-nodes"
      style={
        Object {
          "display": "none",
        }
      }
    >
      Each device type can have maximum 10 nodes
    </div>
    <button
      className="btn-run"
      type="button"
    >
      Run
    </button>
  </div>
</div>
`;
