// Jest Snapshot v1, https://goo.gl/fbAQLP

exports[`ConfigureTab should match previous snapshots 1`] = `
<div
  className="configure online"
>
  <div
    className="network-devices"
  >
    <div
      className="device-container"
    >
      <div
        className="device-container-name"
      >
        <svg
          className="plus-circle"
          data-testid="plus-icon"
          onClick={[Function]}
        >
          add.svg
        </svg>
        Router
      </div>
      <div
        className="device-container-content"
      >
        <div />
      </div>
    </div>
    <div
      className="device-container"
    >
      <div
        className="device-container-name"
      >
        <svg
          className="plus-circle"
          data-testid="plus-icon"
          onClick={[Function]}
        >
          add.svg
        </svg>
        Switch
      </div>
      <div
        className="device-container-content"
      >
        <div />
      </div>
    </div>
    <div
      className="device-container"
    >
      <div
        className="device-container-name"
      >
        <svg
          className="plus-circle"
          data-testid="plus-icon"
          onClick={[Function]}
        >
          add.svg
        </svg>
        Host
      </div>
      <div
        className="device-container-content"
      >
        <div />
      </div>
    </div>
  </div>
</div>
`;
