// Jest Snapshot v1, https://goo.gl/fbAQLP

exports[`The Survey page should render the same based on URL parameters 1`] = `
<div>
  <div
    class="css-1cxsl7j"
    id="#"
  >
    <div
      class="css-1ikdejk"
    >
      <div
        style="position: relative; height: 100%;"
      >
        <div
          aria-valuemax="100"
          aria-valuemin="0"
          class="css-tcs7sz"
          role="progressbar"
        >
          <svg
            class="css-c0o3jj"
            viewBox="55.55555555555556 55.55555555555556 111.11111111111111 111.11111111111111"
          >
            <circle
              class="css-9y0bww"
              cx="111.11111111111111"
              cy="111.11111111111111"
              data-progress-track="true"
              r="50"
              stroke-dasharray="314.159"
              stroke-dashoffset="0"
              stroke-width="11.111111111111112"
            />
            <circle
              class="css-146rxdt"
              cx="111.11111111111111"
              cy="111.11111111111111"
              data-progress-indicator="true"
              r="50"
              stroke-dasharray="1 400"
              stroke-dashoffset="0"
              stroke-width="11.111111111111112"
            />
          </svg>
        </div>
      </div>
    </div>
  </div>
</div>
`;
