// Jest Snapshot v1, https://goo.gl/fbAQLP

exports[`The Module List should render and match snapshot 1`] = `
<div>
  <div
    class="css-ojm4ju"
  >
    <div
      class="css-1djaw1e"
    >
      <div
        class="css-1w1vbxm"
      >
        <div
          class="css-qx149r"
        >
          <h2
            class="css-10ycv28"
          >
            Hi there!
          </h2>
          <p
            class="css-1q2wm2p"
          >
            Welcome to the demo of our Networking Fundamentals course. You can click on each module’s chevron to see its submodules. You must go through
                the modules and their submodules in order. To start or revisit a submodule, click
             
             
            <span
              class="css-5zg4m9"
            >
              Go to submodule &gt;.
            </span>
          </p>
        </div>
      </div>
    </div>
    <div
      class="css-t5uauj"
    >
      <div
        class="css-lzbt3j"
      >
        <div
          class="css-11dqbsu"
        >
          <svg
            class="css-1axzmpk"
            focusable="false"
            role="presentation"
            viewBox="0 0 24 24"
          >
            <path
              d="M12.8,5.4c-0.377-0.504-1.223-0.504-1.6,0l-9,12c-0.228,0.303-0.264,0.708-0.095,1.047 C2.275,18.786,2.621,19,3,19h18c0.379,0,0.725-0.214,0.895-0.553c0.169-0.339,0.133-0.744-0.095-1.047L12.8,5.4z"
              fill="currentColor"
            />
          </svg>
          <div
            class="css-z7mtfw"
          >
            <p
              class="css-1yqiz6e"
            >
              Module 1: Life of a Network Packet
            </p>
            <p
              class="css-1xiazqm"
            >
              6 / 6 completed, 6 in progress
            </p>
          </div>
        </div>
        <div
          aria-hidden="true"
          class="rah-static rah-static--height-zero css-vppuuz"
          style="height: 0px; overflow: hidden;"
        >
          <div
            style="transition: opacity 250ms ease 0ms; opacity: 0; display: none;"
          >
            <div
              class="css-0"
            >
              <p
                class="css-95j7mt"
              >
                Computer need to move lots of information (e.g. emailed files, social media interactions, video streams) from one device to another. Whether it’s through WiFi or over some kind of cable, computers communicate with a series of bits (0s and 1s) in tiny chunks at a time. The most common way of sending these tiny chunks is with a packet. This module is all about packets!
              </p>
              <div
                class="css-e19uy1"
              >
                <div
                  class="css-k008qs"
                >
                  <svg
                    class="css-6i3b32"
                    focusable="false"
                    role="presentation"
                    viewBox="0 0 24 24"
                  >
                    <path
                      d="M23.555,8.729a1.505,1.505,0,0,0-1.406-.98H16.062a.5.5,0,0,1-.472-.334L13.405,1.222a1.5,1.5,0,0,0-2.81,0l-.005.016L8.41,7.415a.5.5,0,0,1-.471.334H1.85A1.5,1.5,0,0,0,.887,10.4l5.184,4.3a.5.5,0,0,1,.155.543L4.048,21.774a1.5,1.5,0,0,0,2.31,1.684l5.346-3.92a.5.5,0,0,1,.591,0l5.344,3.919a1.5,1.5,0,0,0,2.312-1.683l-2.178-6.535a.5.5,0,0,1,.155-.543l5.194-4.306A1.5,1.5,0,0,0,23.555,8.729Z"
                      fill="currentColor"
                    />
                  </svg>
                  <div
                    class="css-gmscv5"
                  >
                    <div
                      class="css-1wt6rk2"
                    >
                      <a
                        class="css-s0xszu"
                      >
                        <p
                          class="css-fzcsno"
                        >
                          Survey: Who are you?
                        </p>
                      </a>
                      <a
                        class="css-fcssd9"
                      >
                        <a
                          class="css-u5zpo1"
                          href="/module/100001/survey/6001"
                        >
                          Go to Submodule &gt;
                        </a>
                      </a>
                    </div>
                    <div
                      aria-hidden="true"
                      class="rah-static rah-static--height-zero css-vppuuz"
                      style="height: 0px; overflow: hidden;"
                    >
                      <div
                        style="transition: opacity 250ms ease 0ms; opacity: 0; display: none;"
                      >
                        <div
                          class="css-cet0rr"
                        >
                          First we want to know a little about you so we can make this program even better for you and other other learns.
                        </div>
                      </div>
                    </div>
                    <hr
                      class="css-1fic0ux"
                    />
                  </div>
                </div>
                <div
                  class="css-k008qs"
                >
                  <svg
                    class="css-6i3b32"
                    focusable="false"
                    role="presentation"
                    viewBox="0 0 24 24"
                  >
                    <path
                      d="M23.555,8.729a1.505,1.505,0,0,0-1.406-.98H16.062a.5.5,0,0,1-.472-.334L13.405,1.222a1.5,1.5,0,0,0-2.81,0l-.005.016L8.41,7.415a.5.5,0,0,1-.471.334H1.85A1.5,1.5,0,0,0,.887,10.4l5.184,4.3a.5.5,0,0,1,.155.543L4.048,21.774a1.5,1.5,0,0,0,2.31,1.684l5.346-3.92a.5.5,0,0,1,.591,0l5.344,3.919a1.5,1.5,0,0,0,2.312-1.683l-2.178-6.535a.5.5,0,0,1,.155-.543l5.194-4.306A1.5,1.5,0,0,0,23.555,8.729Z"
                      fill="currentColor"
                    />
                  </svg>
                  <div
                    class="css-gmscv5"
                  >
                    <div
                      class="css-1wt6rk2"
                    >
                      <a
                        class="css-s0xszu"
                      >
                        <p
                          class="css-fzcsno"
                        >
                          Value: Integrity
                        </p>
                      </a>
                      <a
                        class="css-fcssd9"
                      >
                        <a
                          class="css-u5zpo1"
                          href="/value/5001"
                        >
                          Go to Submodule &gt;
                        </a>
                      </a>
                    </div>
                    <div
                      aria-hidden="true"
                      class="rah-static rah-static--height-zero css-vppuuz"
                      style="height: 0px; overflow: hidden;"
                    >
                      <div
                        style="transition: opacity 250ms ease 0ms; opacity: 0; display: none;"
                      >
                        <div
                          class="css-cet0rr"
                        >
                          At Project Reclass, we are not just focused on what we build but also how we build it. We routinely reflect on values espoused by our military branches, and reflect on what these values mean to us. Throughout your course, we welcome you to do the same!
                        </div>
                      </div>
                    </div>
                    <hr
                      class="css-1fic0ux"
                    />
                  </div>
                </div>
                <div
                  class="css-k008qs"
                >
                  <svg
                    class="css-6i3b32"
                    focusable="false"
                    role="presentation"
                    viewBox="0 0 24 24"
                  >
                    <path
                      d="M23.555,8.729a1.505,1.505,0,0,0-1.406-.98H16.062a.5.5,0,0,1-.472-.334L13.405,1.222a1.5,1.5,0,0,0-2.81,0l-.005.016L8.41,7.415a.5.5,0,0,1-.471.334H1.85A1.5,1.5,0,0,0,.887,10.4l5.184,4.3a.5.5,0,0,1,.155.543L4.048,21.774a1.5,1.5,0,0,0,2.31,1.684l5.346-3.92a.5.5,0,0,1,.591,0l5.344,3.919a1.5,1.5,0,0,0,2.312-1.683l-2.178-6.535a.5.5,0,0,1,.155-.543l5.194-4.306A1.5,1.5,0,0,0,23.555,8.729Z"
                      fill="currentColor"
                    />
                  </svg>
                  <div
                    class="css-gmscv5"
                  >
                    <div
                      class="css-1wt6rk2"
                    >
                      <a
                        class="css-s0xszu"
                      >
                        <p
                          class="css-fzcsno"
                        >
                          Lesson: Motivation
                        </p>
                      </a>
                      <a
                        class="css-fcssd9"
                      >
                        <a
                          class="css-u5zpo1"
                          href="/module/100001/lesson/6001"
                        >
                          Go to Submodule &gt;
                        </a>
                      </a>
                    </div>
                    <div
                      aria-hidden="true"
                      class="rah-static rah-static--height-zero css-vppuuz"
                      style="height: 0px; overflow: hidden;"
                    >
                      <div
                        style="transition: opacity 250ms ease 0ms; opacity: 0; display: none;"
                      >
                        <div
                          class="css-cet0rr"
                        >
                          How does a file move from computer to computer? Let's revisit why we need computer networks in the first place.
                        </div>
                      </div>
                    </div>
                    <hr
                      class="css-1fic0ux"
                    />
                  </div>
                </div>
                <div
                  class="css-k008qs"
                >
                  <svg
                    class="css-6i3b32"
                    focusable="false"
                    role="presentation"
                    viewBox="0 0 24 24"
                  >
                    <path
                      d="M23.555,8.729a1.505,1.505,0,0,0-1.406-.98H16.062a.5.5,0,0,1-.472-.334L13.405,1.222a1.5,1.5,0,0,0-2.81,0l-.005.016L8.41,7.415a.5.5,0,0,1-.471.334H1.85A1.5,1.5,0,0,0,.887,10.4l5.184,4.3a.5.5,0,0,1,.155.543L4.048,21.774a1.5,1.5,0,0,0,2.31,1.684l5.346-3.92a.5.5,0,0,1,.591,0l5.344,3.919a1.5,1.5,0,0,0,2.312-1.683l-2.178-6.535a.5.5,0,0,1,.155-.543l5.194-4.306A1.5,1.5,0,0,0,23.555,8.729Z"
                      fill="currentColor"
                    />
                  </svg>
                  <div
                    class="css-gmscv5"
                  >
                    <div
                      class="css-1wt6rk2"
                    >
                      <a
                        class="css-s0xszu"
                      >
                        <p
                          class="css-fzcsno"
                        >
                          Article: Fiber Optics in the Sea
                        </p>
                      </a>
                      <a
                        class="css-fcssd9"
                      >
                        <a
                          class="css-u5zpo1"
                          href="/module/100001/article/2001"
                        >
                          Go to Submodule &gt;
                        </a>
                      </a>
                    </div>
                    <div
                      aria-hidden="true"
                      class="rah-static rah-static--height-zero css-vppuuz"
                      style="height: 0px; overflow: hidden;"
                    >
                      <div
                        style="transition: opacity 250ms ease 0ms; opacity: 0; display: none;"
                      >
                        <div
                          class="css-cet0rr"
                        >
                          Ever wondered how underwater cables are laid? We take a trip on the ship that keeps us online.
                        </div>
                      </div>
                    </div>
                    <hr
                      class="css-1fic0ux"
                    />
                  </div>
                </div>
                <div
                  class="css-k008qs"
                >
                  <svg
                    class="css-6i3b32"
                    focusable="false"
                    role="presentation"
                    viewBox="0 0 24 24"
                  >
                    <path
                      d="M23.555,8.729a1.505,1.505,0,0,0-1.406-.98H16.062a.5.5,0,0,1-.472-.334L13.405,1.222a1.5,1.5,0,0,0-2.81,0l-.005.016L8.41,7.415a.5.5,0,0,1-.471.334H1.85A1.5,1.5,0,0,0,.887,10.4l5.184,4.3a.5.5,0,0,1,.155.543L4.048,21.774a1.5,1.5,0,0,0,2.31,1.684l5.346-3.92a.5.5,0,0,1,.591,0l5.344,3.919a1.5,1.5,0,0,0,2.312-1.683l-2.178-6.535a.5.5,0,0,1,.155-.543l5.194-4.306A1.5,1.5,0,0,0,23.555,8.729Z"
                      fill="currentColor"
                    />
                  </svg>
                  <div
                    class="css-gmscv5"
                  >
                    <div
                      class="css-1wt6rk2"
                    >
                      <a
                        class="css-s0xszu"
                      >
                        <p
                          class="css-fzcsno"
                        >
                          Lab: Connecting Devices
                        </p>
                      </a>
                      <a
                        class="css-fcssd9"
                      >
                        <a
                          class="css-u5zpo1"
                          href="/module/100001/lab/1"
                        >
                          Go to Submodule &gt;
                        </a>
                      </a>
                    </div>
                    <div
                      aria-hidden="true"
                      class="rah-static rah-static--height-zero css-vppuuz"
                      style="height: 0px; overflow: hidden;"
                    >
                      <div
                        style="transition: opacity 250ms ease 0ms; opacity: 0; display: none;"
                      >
                        <div
                          class="css-cet0rr"
                        >
                          So we now understand why and how we can connect devices through computer networks. Let's give it a try in our hands-on lab!
                        </div>
                      </div>
                    </div>
                    <hr
                      class="css-1fic0ux"
                    />
                  </div>
                </div>
                <div
                  class="css-k008qs"
                >
                  <svg
                    class="css-6i3b32"
                    focusable="false"
                    role="presentation"
                    viewBox="0 0 24 24"
                  >
                    <path
                      d="M23.555,8.729a1.505,1.505,0,0,0-1.406-.98H16.062a.5.5,0,0,1-.472-.334L13.405,1.222a1.5,1.5,0,0,0-2.81,0l-.005.016L8.41,7.415a.5.5,0,0,1-.471.334H1.85A1.5,1.5,0,0,0,.887,10.4l5.184,4.3a.5.5,0,0,1,.155.543L4.048,21.774a1.5,1.5,0,0,0,2.31,1.684l5.346-3.92a.5.5,0,0,1,.591,0l5.344,3.919a1.5,1.5,0,0,0,2.312-1.683l-2.178-6.535a.5.5,0,0,1,.155-.543l5.194-4.306A1.5,1.5,0,0,0,23.555,8.729Z"
                      fill="currentColor"
                    />
                  </svg>
                  <div
                    class="css-gmscv5"
                  >
                    <div
                      class="css-1wt6rk2"
                    >
                      <a
                        class="css-s0xszu"
                      >
                        <p
                          class="css-fzcsno"
                        >
                          Quiz: Life of a Network Packet
                        </p>
                      </a>
                      <a
                        class="css-fcssd9"
                      >
                        <a
                          class="css-u5zpo1"
                          href="/module/100001/quiz/4001"
                        >
                          Go to Submodule &gt;
                        </a>
                      </a>
                    </div>
                    <div
                      aria-hidden="true"
                      class="rah-static rah-static--height-zero css-vppuuz"
                      style="height: 0px; overflow: hidden;"
                    >
                      <div
                        style="transition: opacity 250ms ease 0ms; opacity: 0; display: none;"
                      >
                        <div
                          class="css-0"
                        >
                          Great job on finishing Module 1! Before you move on, take this quick quiz to make sure you understood the material so we can set you up for success with the rest of this curriculum!
                        </div>
                      </div>
                    </div>
                  </div>
                </div>
              </div>
            </div>
          </div>
        </div>
      </div>
      <div
        class="css-1xkc9ul"
      >
        <div
          class="css-11dqbsu"
        >
          <svg
            class="css-1axzmpk"
            focusable="false"
            role="presentation"
            viewBox="0 0 24 24"
          >
            <path
              d="M12.8,5.4c-0.377-0.504-1.223-0.504-1.6,0l-9,12c-0.228,0.303-0.264,0.708-0.095,1.047 C2.275,18.786,2.621,19,3,19h18c0.379,0,0.725-0.214,0.895-0.553c0.169-0.339,0.133-0.744-0.095-1.047L12.8,5.4z"
              fill="currentColor"
            />
          </svg>
          <div
            class="css-z7mtfw"
          >
            <p
              class="css-1yqiz6e"
            >
              Module 2: History of the Internet
            </p>
            <p
              class="css-1xiazqm"
            >
              0 / 0 completed, 0 in progress
            </p>
          </div>
        </div>
        <div
          aria-hidden="true"
          class="rah-static rah-static--height-zero css-vppuuz"
          style="height: 0px; overflow: hidden;"
        >
          <div
            style="transition: opacity 250ms ease 0ms; opacity: 0; display: none;"
          >
            <div
              class="css-0"
            >
              <p
                class="css-95j7mt"
              >
                To understand how it works today, it is helpful to understand how and why it was created as well as how it has evolved over the decades. This module takes you on a journey through half a century of innovations which went into our modern world-wide web.
              </p>
              <div
                class="css-e19uy1"
              />
            </div>
          </div>
        </div>
      </div>
      <div
        class="css-1xkc9ul"
      >
        <div
          class="css-11dqbsu"
        >
          <svg
            class="css-1axzmpk"
            focusable="false"
            role="presentation"
            viewBox="0 0 24 24"
          >
            <path
              d="M12.8,5.4c-0.377-0.504-1.223-0.504-1.6,0l-9,12c-0.228,0.303-0.264,0.708-0.095,1.047 C2.275,18.786,2.621,19,3,19h18c0.379,0,0.725-0.214,0.895-0.553c0.169-0.339,0.133-0.744-0.095-1.047L12.8,5.4z"
              fill="currentColor"
            />
          </svg>
          <div
            class="css-z7mtfw"
          >
            <p
              class="css-1yqiz6e"
            >
              Module 3: Routing
            </p>
            <p
              class="css-1xiazqm"
            >
              0 / 0 completed, 0 in progress
            </p>
          </div>
        </div>
        <div
          aria-hidden="true"
          class="rah-static rah-static--height-zero css-vppuuz"
          style="height: 0px; overflow: hidden;"
        >
          <div
            style="transition: opacity 250ms ease 0ms; opacity: 0; display: none;"
          >
            <div
              class="css-0"
            >
              <p
                class="css-95j7mt"
              >
                Coming Soon!
              </p>
              <div
                class="css-e19uy1"
              />
            </div>
          </div>
        </div>
      </div>
      <div
        class="css-1xkc9ul"
      >
        <div
          class="css-11dqbsu"
        >
          <svg
            class="css-1axzmpk"
            focusable="false"
            role="presentation"
            viewBox="0 0 24 24"
          >
            <path
              d="M12.8,5.4c-0.377-0.504-1.223-0.504-1.6,0l-9,12c-0.228,0.303-0.264,0.708-0.095,1.047 C2.275,18.786,2.621,19,3,19h18c0.379,0,0.725-0.214,0.895-0.553c0.169-0.339,0.133-0.744-0.095-1.047L12.8,5.4z"
              fill="currentColor"
            />
          </svg>
          <div
            class="css-z7mtfw"
          >
            <p
              class="css-1yqiz6e"
            >
              Module 4: Routing
            </p>
            <p
              class="css-1xiazqm"
            >
              0 / 0 completed, 0 in progress
            </p>
          </div>
        </div>
        <div
          aria-hidden="true"
          class="rah-static rah-static--height-zero css-vppuuz"
          style="height: 0px; overflow: hidden;"
        >
          <div
            style="transition: opacity 250ms ease 0ms; opacity: 0; display: none;"
          >
            <div
              class="css-0"
            >
              <p
                class="css-95j7mt"
              >
                Coming Soon!
              </p>
              <div
                class="css-e19uy1"
              />
            </div>
          </div>
        </div>
      </div>
      <div
        class="css-1xkc9ul"
      >
        <div
          class="css-11dqbsu"
        >
          <svg
            class="css-1axzmpk"
            focusable="false"
            role="presentation"
            viewBox="0 0 24 24"
          >
            <path
              d="M12.8,5.4c-0.377-0.504-1.223-0.504-1.6,0l-9,12c-0.228,0.303-0.264,0.708-0.095,1.047 C2.275,18.786,2.621,19,3,19h18c0.379,0,0.725-0.214,0.895-0.553c0.169-0.339,0.133-0.744-0.095-1.047L12.8,5.4z"
              fill="currentColor"
            />
          </svg>
          <div
            class="css-z7mtfw"
          >
            <p
              class="css-1yqiz6e"
            >
              Module 5: Domain Name Servers
            </p>
            <p
              class="css-1xiazqm"
            >
              0 / 0 completed, 0 in progress
            </p>
          </div>
        </div>
        <div
          aria-hidden="true"
          class="rah-static rah-static--height-zero css-vppuuz"
          style="height: 0px; overflow: hidden;"
        >
          <div
            style="transition: opacity 250ms ease 0ms; opacity: 0; display: none;"
          >
            <div
              class="css-0"
            >
              <p
                class="css-95j7mt"
              >
                Coming Soon!
              </p>
              <div
                class="css-e19uy1"
              />
            </div>
          </div>
        </div>
      </div>
      <div
        class="css-1xkc9ul"
      >
        <div
          class="css-11dqbsu"
        >
          <svg
            class="css-1axzmpk"
            focusable="false"
            role="presentation"
            viewBox="0 0 24 24"
          >
            <path
              d="M12.8,5.4c-0.377-0.504-1.223-0.504-1.6,0l-9,12c-0.228,0.303-0.264,0.708-0.095,1.047 C2.275,18.786,2.621,19,3,19h18c0.379,0,0.725-0.214,0.895-0.553c0.169-0.339,0.133-0.744-0.095-1.047L12.8,5.4z"
              fill="currentColor"
            />
          </svg>
          <div
            class="css-z7mtfw"
          >
            <p
              class="css-1yqiz6e"
            >
              Module 6: Securing Networks
            </p>
            <p
              class="css-1xiazqm"
            >
              0 / 0 completed, 0 in progress
            </p>
          </div>
        </div>
        <div
          aria-hidden="true"
          class="rah-static rah-static--height-zero css-vppuuz"
          style="height: 0px; overflow: hidden;"
        >
          <div
            style="transition: opacity 250ms ease 0ms; opacity: 0; display: none;"
          >
            <div
              class="css-0"
            >
              <p
                class="css-95j7mt"
              >
                Coming Soon!
              </p>
              <div
                class="css-e19uy1"
              />
            </div>
          </div>
        </div>
      </div>
      <div
        class="css-1xkc9ul"
      >
        <div
          class="css-11dqbsu"
        >
          <svg
            class="css-1axzmpk"
            focusable="false"
            role="presentation"
            viewBox="0 0 24 24"
          >
            <path
              d="M12.8,5.4c-0.377-0.504-1.223-0.504-1.6,0l-9,12c-0.228,0.303-0.264,0.708-0.095,1.047 C2.275,18.786,2.621,19,3,19h18c0.379,0,0.725-0.214,0.895-0.553c0.169-0.339,0.133-0.744-0.095-1.047L12.8,5.4z"
              fill="currentColor"
            />
          </svg>
          <div
            class="css-z7mtfw"
          >
            <p
              class="css-1yqiz6e"
            >
              Module 7: Modern Networks
            </p>
            <p
              class="css-1xiazqm"
            >
              0 / 0 completed, 0 in progress
            </p>
          </div>
        </div>
        <div
          aria-hidden="true"
          class="rah-static rah-static--height-zero css-vppuuz"
          style="height: 0px; overflow: hidden;"
        >
          <div
            style="transition: opacity 250ms ease 0ms; opacity: 0; display: none;"
          >
            <div
              class="css-0"
            >
              <p
                class="css-95j7mt"
              >
                Coming Soon!
              </p>
              <div
                class="css-e19uy1"
              />
            </div>
          </div>
        </div>
      </div>
      <div
        class="css-1xkc9ul"
      >
        <div
          class="css-11dqbsu"
        >
          <svg
            class="css-1axzmpk"
            focusable="false"
            role="presentation"
            viewBox="0 0 24 24"
          >
            <path
              d="M12.8,5.4c-0.377-0.504-1.223-0.504-1.6,0l-9,12c-0.228,0.303-0.264,0.708-0.095,1.047 C2.275,18.786,2.621,19,3,19h18c0.379,0,0.725-0.214,0.895-0.553c0.169-0.339,0.133-0.744-0.095-1.047L12.8,5.4z"
              fill="currentColor"
            />
          </svg>
          <div
            class="css-z7mtfw"
          >
            <p
              class="css-1yqiz6e"
            >
              Module 8: Monitoring Networks
            </p>
            <p
              class="css-1xiazqm"
            >
              0 / 0 completed, 0 in progress
            </p>
          </div>
        </div>
        <div
          aria-hidden="true"
          class="rah-static rah-static--height-zero css-vppuuz"
          style="height: 0px; overflow: hidden;"
        >
          <div
            style="transition: opacity 250ms ease 0ms; opacity: 0; display: none;"
          >
            <div
              class="css-0"
            >
              <p
                class="css-95j7mt"
              >
                Coming Soon!
              </p>
              <div
                class="css-e19uy1"
              />
            </div>
          </div>
        </div>
      </div>
    </div>
  </div>
</div>
`;
