// Jest Snapshot v1, https://goo.gl/fbAQLP

exports[`The Module List should render and match snapshot 1`] = `
<div>
  <div>
    <div
      className="css-f96x4x"
    >
      <svg
        className="css-11xbhqw"
        focusable={false}
        onClick={[Function]}
        role="presentation"
        viewBox="0 0 24 24"
      >
        <path
          d="M12.8,5.4c-0.377-0.504-1.223-0.504-1.6,0l-9,12c-0.228,0.303-0.264,0.708-0.095,1.047 C2.275,18.786,2.621,19,3,19h18c0.379,0,0.725-0.214,0.895-0.553c0.169-0.339,0.133-0.744-0.095-1.047L12.8,5.4z"
          fill="currentColor"
        />
      </svg>
      <span>
        Sandbox Tutorial
      </span>
    </div>
    <div
      aria-hidden={false}
      className="rah-static rah-static--height-auto css-vppuuz"
      style={
        Object {
          "height": "auto",
          "overflow": "visible",
        }
      }
    >
      <div
        style={
          Object {
            "WebkitTransition": "opacity 250ms ease 0ms",
            "transition": "opacity 250ms ease 0ms",
          }
        }
      >
        <div
          className="css-0"
        >
          <div
            className="css-qfdd9t"
          >
            <div
              className="css-4ngnmx"
            >
              <span>
                <a
                  href="/module/1/article/1"
                >
                  Emulator
                </a>
              </span>
              <span />
            </div>
            <div
              className="css-4ngnmx"
            >
              <span>
                <a
                  href="/module/1/emulator/1"
                >
                  Emulator Practice
                </a>
              </span>
              <span />
            </div>
            <div
              className="css-4ngnmx"
            >
              <span>
                <a
                  href="/module/1/quiz/1"
                >
                  Quiz
                </a>
              </span>
              <span />
            </div>
          </div>
        </div>
      </div>
    </div>
  </div>
  <div>
    <div
      className="css-f96x4x"
    >
      <svg
        className="css-11xbhqw"
        focusable={false}
        onClick={[Function]}
        role="presentation"
        viewBox="0 0 24 24"
      >
        <path
          d="M12.8,5.4c-0.377-0.504-1.223-0.504-1.6,0l-9,12c-0.228,0.303-0.264,0.708-0.095,1.047 C2.275,18.786,2.621,19,3,19h18c0.379,0,0.725-0.214,0.895-0.553c0.169-0.339,0.133-0.744-0.095-1.047L12.8,5.4z"
          fill="currentColor"
        />
      </svg>
      <span>
        Switches and Routers
      </span>
    </div>
    <div
      aria-hidden={false}
      className="rah-static rah-static--height-auto css-vppuuz"
      style={
        Object {
          "height": "auto",
          "overflow": "visible",
        }
      }
    >
      <div
        style={
          Object {
            "WebkitTransition": "opacity 250ms ease 0ms",
            "transition": "opacity 250ms ease 0ms",
          }
        }
      >
        <div
          className="css-0"
        >
          <div
            className="css-qfdd9t"
          >
            <div
              className="css-4ngnmx"
            >
              <span>
                <a
                  href="/module/2/article/1"
                >
                  Switch
                </a>
              </span>
              <span />
            </div>
            <div
              className="css-4ngnmx"
            >
              <span>
                <a
                  href="/module/2/quiz/1"
                >
                  Quiz
                </a>
              </span>
              <span />
            </div>
            <div
              className="css-4ngnmx"
            >
              <span>
                <a
                  href="/module/2/article/1"
                >
                  Routers
                </a>
              </span>
              <span />
            </div>
            <div
              className="css-4ngnmx"
            >
              <span>
                <a
                  href="/module/2/quiz/2"
                >
                  Quiz
                </a>
              </span>
              <span />
            </div>
          </div>
        </div>
      </div>
    </div>
  </div>
</div>
`;
