// Jest Snapshot v1, https://goo.gl/fbAQLP

exports[`The Article page should render the same based on URL parameters 1`] = `
<div
  className="css-3t37o0"
>
  <h1
    className="css-1toumeq"
  />
  <h2
    className="css-17jyjo4"
  >
    Author: 
  </h2>
  <h3
    className="css-119xtd1"
  />
  <div
    className="carousel-root"
    tabIndex={0}
  >
    <div
      className="carousel carousel-slider"
      style={
        Object {
          "width": "100%",
        }
      }
    >
      <button
        aria-label="previous slide / item"
        className="control-arrow control-prev control-disabled"
        onClick={[Function]}
        type="button"
      />
      <div
        className="slider-wrapper axis-horizontal"
        style={Object {}}
      >
        <ul
          className="slider animated"
          onMouseDown={[Function]}
          onTouchEnd={[Function]}
          onTouchStart={[Function]}
          style={
            Object {
              "MozTransform": "translate3d(0,0,0)",
              "MozTransitionDuration": "350ms",
              "MsTransform": "translate3d(0,0,0)",
              "MsTransitionDuration": "350ms",
              "OTransform": "translate3d(0,0,0)",
              "OTransitionDuration": "350ms",
              "WebkitTransform": "translate3d(0,0,0)",
              "WebkitTransitionDuration": "350ms",
              "msTransform": "translate3d(0,0,0)",
              "msTransitionDuration": "350ms",
              "transform": "translate3d(0,0,0)",
              "transitionDuration": "350ms",
            }
          }
        >
          <li
            className="slide selected"
            onClick={[Function]}
          >
            <div>
              <img
                src="https://www.sciencenewsforstudents.org/wp-content/uploads/2020/03/1030_oceanwaves-1028x579.png"
              />
            </div>
          </li>
          <li
            className="slide"
            onClick={[Function]}
          >
            <div>
              <img
                src="https://www.sciencenewsforstudents.org/wp-content/uploads/2020/03/1030_oceanwaves-1028x579.png"
              />
            </div>
          </li>
          <li
            className="slide"
            onClick={[Function]}
          >
            <div>
              <img
                src="https://www.sciencenewsforstudents.org/wp-content/uploads/2020/03/1030_oceanwaves-1028x579.png"
              />
            </div>
          </li>
        </ul>
      </div>
      <button
        aria-label="next slide / item"
        className="control-arrow control-next"
        onClick={[Function]}
        type="button"
      />
      <ul
        className="control-dots"
      >
        <li
          aria-label="slide item 1"
          className="dot selected"
          onClick={[Function]}
          onKeyDown={[Function]}
          role="button"
          tabIndex={0}
          value={0}
        />
        <li
          aria-label="slide item 2"
          className="dot"
          onClick={[Function]}
          onKeyDown={[Function]}
          role="button"
          tabIndex={0}
          value={1}
        />
        <li
          aria-label="slide item 3"
          className="dot"
          onClick={[Function]}
          onKeyDown={[Function]}
          role="button"
          tabIndex={0}
          value={2}
        />
      </ul>
      <p
        className="carousel-status"
      >
        1 of 3
      </p>
    </div>
    <div
      className="carousel"
    >
      <div
        className="thumbs-wrapper axis-vertical"
      >
        <button
          aria-label="previous slide / item"
          className="control-arrow control-prev control-disabled"
          onClick={[Function]}
          type="button"
        />
        <ul
          className="thumbs animated"
          onMouseDown={[Function]}
          onTouchEnd={[Function]}
          onTouchStart={[Function]}
          style={
            Object {
              "MozTransform": "translate3d(0,0,0)",
              "MozTransitionDuration": "350ms",
              "MsTransform": "translate3d(0,0,0)",
              "MsTransitionDuration": "350ms",
              "OTransform": "translate3d(0,0,0)",
              "OTransitionDuration": "350ms",
              "WebkitTransform": "translate3d(0,0,0)",
              "WebkitTransitionDuration": "350ms",
              "msTransform": "translate3d(0,0,0)",
              "msTransitionDuration": "350ms",
              "transform": "translate3d(0,0,0)",
              "transitionDuration": "350ms",
            }
          }
        >
          <li
            aria-label="slide item 1"
            className="thumb selected"
            onClick={[Function]}
            onKeyDown={[Function]}
            role="button"
            style={
              Object {
                "width": 80,
              }
            }
            tabIndex={0}
          >
            <img
              src="https://www.sciencenewsforstudents.org/wp-content/uploads/2020/03/1030_oceanwaves-1028x579.png"
            />
          </li>
          <li
            aria-label="slide item 2"
            className="thumb"
            onClick={[Function]}
            onKeyDown={[Function]}
            role="button"
            style={
              Object {
                "width": 80,
              }
            }
            tabIndex={0}
          >
            <img
              src="https://www.sciencenewsforstudents.org/wp-content/uploads/2020/03/1030_oceanwaves-1028x579.png"
            />
          </li>
          <li
            aria-label="slide item 3"
            className="thumb"
            onClick={[Function]}
            onKeyDown={[Function]}
            role="button"
            style={
              Object {
                "width": 80,
              }
            }
            tabIndex={0}
          >
            <img
              src="https://www.sciencenewsforstudents.org/wp-content/uploads/2020/03/1030_oceanwaves-1028x579.png"
            />
          </li>
        </ul>
        <button
          aria-label="next slide / item"
          className="control-arrow control-next control-disabled"
          onClick={[Function]}
          type="button"
        />
      </div>
    </div>
  </div>
</div>
`;
