// Jest Snapshot v1, https://goo.gl/fbAQLP

exports[`The Article page should render the same based on URL parameters 1`] = `
<div>
  <div
    class="css-u6v8er"
  >
    <h1
      class="css-1nxqz3s"
    />
    <h2
      class="css-14lu7sf"
    >
      Author: 
    </h2>
    <h3
      class="css-tua7mj"
    />
  </div>
</div>
`;
