// Jest Snapshot v1, https://goo.gl/fbAQLP

exports[`The Article page should render the same based on URL parameters 1`] = `
<div>
  <h1>
    Module: 
    42
  </h1>
  <h2>
    Article: 
    64
  </h2>
  <div
    className="carousel slide"
    onKeyDown={[Function]}
    onMouseOut={[Function]}
    onMouseOver={[Function]}
    onTouchEnd={[Function]}
    onTouchMove={[Function]}
    onTouchStart={[Function]}
  >
    <ol
      className="carousel-indicators"
    >
      <li
        className="active"
        onClick={[Function]}
      />
      <li
        onClick={[Function]}
      />
      <li
        onClick={[Function]}
      />
    </ol>
    <div
      className="carousel-inner"
    >
      <div
        className="active carousel-item"
      >
        <img
          alt="Third slide"
          className="d-block w-100"
          src="https://images.idgesg.net/images/article/2017/08/networking-100733179-large.jpg"
        />
        <div
          className="carousel-caption"
        >
          <h3>
            First slide label
          </h3>
          <p>
            Nulla vitae elit libero, a pharetra augue mollis interdum.
          </p>
        </div>
      </div>
      <div
        className="carousel-item"
      >
        <img
          alt="Third slide"
          className="d-block w-100"
          src="https://images.idgesg.net/images/article/2017/08/networking-100733179-large.jpg"
        />
        <div
          className="carousel-caption"
        >
          <h3>
            Second slide label
          </h3>
          <p>
            Lorem ipsum dolor sit amet, consectetur adipiscing elit.
          </p>
        </div>
      </div>
      <div
        className="carousel-item"
      >
        <img
          alt="Third slide"
          className="d-block w-100"
          src="https://images.idgesg.net/images/article/2017/08/networking-100733179-large.jpg"
        />
        <div
          className="carousel-caption"
        >
          <h3>
            Third slide label
          </h3>
          <p>
            Praesent commodo cursus magna, vel scelerisque nisl consectetur.
          </p>
        </div>
      </div>
    </div>
    <a
      className="carousel-control-prev"
      href="#"
      onClick={[Function]}
      onKeyDown={[Function]}
      role="button"
    >
      <span
        aria-hidden="true"
        className="carousel-control-prev-icon"
      />
      <span
        className="sr-only"
      >
        Previous
      </span>
    </a>
    <a
      className="carousel-control-next"
      href="#"
      onClick={[Function]}
      onKeyDown={[Function]}
      role="button"
    >
      <span
        aria-hidden="true"
        className="carousel-control-next-icon"
      />
      <span
        className="sr-only"
      >
        Next
      </span>
    </a>
  </div>
</div>
`;
